// Jest Snapshot v1, https://goo.gl/fbAQLP

exports[`Footer Should render correctly with Shallow 1`] = `ShallowWrapper {}`;

exports[`Footer Should render correctly with mount 1`] = `ReactWrapper {}`;
