// Jest Snapshot v1, https://goo.gl/fbAQLP

exports[`Invoice List Should render correctly with Shallow 1`] = `ShallowWrapper {}`;

exports[`Invoice List Should render correctly with mount 1`] = `ReactWrapper {}`;
